MKL_NUM_THREADS: 1
OMP_NUM_THREADS: 1
CUDA_VISIBLE_DEVICES: 0
EGL_VISIBLE_DEVICES: 0
Known pipe types:
  glxGraphicsPipe
(1 aux display modules not yet loaded.)
Known pipe types:
  glxGraphicsPipe
(1 aux display modules not yet loaded.)
Known pipe types:
  glxGraphicsPipe
(1 aux display modules not yet loaded.)
Known pipe types:
  glxGraphicsPipe
(1 aux display modules not yet loaded.)
Known pipe types:
  glxGraphicsPipe
(1 aux display modules not yet loaded.)
Known pipe types:
  glxGraphicsPipe
(1 aux display modules not yet loaded.)
Known pipe types:
  glxGraphicsPipe
(1 aux display modules not yet loaded.)
Known pipe types:
  glxGraphicsPipe
(1 aux display modules not yet loaded.)
Known pipe types:
  glxGraphicsPipe
(1 aux display modules not yet loaded.)
Known pipe types:
  glxGraphicsPipe
(1 aux display modules not yet loaded.)
Known pipe types:
  glxGraphicsPipe
(1 aux display modules not yet loaded.)
Known pipe types:
  glxGraphicsPipe
(1 aux display modules not yet loaded.)
Known pipe types:
  glxGraphicsPipe
(1 aux display modules not yet loaded.)
Video has been opened successfully
Video FPS:  30
Video FRAMES:  900
Reset Tracking
Time taken:  2.4027789120000307
Time taken:  0.03364580200013734
Time taken:  0.03327438999986043
Time taken:  0.03221900900007313
Time taken:  0.03234177899958013
Time taken:  0.03610963200026163
Time taken:  0.03464222200000222
Time taken:  0.03529018500012171
Time taken:  0.03516587099966273
Time taken:  0.032051273000433866
Time taken:  0.029771872999845073
Time taken:  0.035951524999290996
Time taken:  0.03442342300058954
Time taken:  0.0436628240004211
Time taken:  0.038011493000340124
Time taken:  0.036395789999914996
Time taken:  0.03460696599995572
Time taken:  0.03369599300003756
Reset Tracking
Time taken:  1.8180243210008484
Time taken:  0.03213820500059228
Time taken:  0.0298736459999418
Time taken:  0.028491608999502205
Time taken:  0.033230736999939836
Time taken:  0.037866877999476856
Time taken:  0.03714816699994117
Time taken:  0.03350409499944362
Time taken:  0.036404431999471853
Time taken:  0.03263971700016555
Time taken:  0.0348028290000002
Time taken:  0.03707809499974246
Time taken:  0.03040362699994148
Time taken:  0.031969370000297204
Time taken:  0.03378837800028123
Time taken:  0.03545277699959115
Time taken:  0.035051548999945226
Time taken:  0.03189220600052067
Time taken:  0.03320774799976789
Time taken:  0.032705882000300335
Time taken:  0.031658316000175546
Time taken:  0.03226935200018488
Time taken:  0.032432093999887
Time taken:  0.0399174550002499
Time taken:  0.03552160799972626
Time taken:  0.03510824400018464
Time taken:  0.035170821999599866
Time taken:  0.03482324000015069
Time taken:  0.035583068000050844
Time taken:  0.034631740999429894
Time taken:  0.03584618300010334
Time taken:  0.03075050899951748
Time taken:  0.035293091000312415
Time taken:  0.031005431999801658
Time taken:  0.036504341999716416
Time taken:  0.03403560300012032
Reset Tracking
Time taken:  1.832489841000097
Time taken:  0.035691064999809896
Time taken:  0.03367951699965488
Time taken:  0.032571733999247954
Time taken:  0.03250780300004408
Time taken:  0.04005867900013982
Time taken:  0.03565042199988966
Time taken:  0.03447072099970683
Time taken:  0.03156413699980476
Time taken:  0.033018984000591445
Time taken:  0.03542816900062462
Time taken:  0.033687287000248034
Time taken:  0.03275999600009527
Time taken:  0.03638622400012537
Time taken:  0.03833503500027291
Time taken:  0.0358717790004448
Time taken:  0.03350319999935891
Time taken:  0.034192672000244784
Time taken:  0.03272838300017611
Time taken:  0.035308136999447015
Time taken:  0.03316389799965691
Time taken:  0.03625323599953845
Time taken:  0.03430183599994052
Time taken:  0.04289013600009639
Time taken:  0.0354625540003326
Time taken:  0.03527284400024655
Time taken:  0.035273145999781264
Time taken:  0.03752605899990158
Time taken:  0.035171452999748
Time taken:  0.0355084849998093
Time taken:  0.03363307200015697
Time taken:  0.03294209200066689
Time taken:  0.03553443900000275
Time taken:  0.03253672399932839
Time taken:  0.03218432199992094
Time taken:  0.03356264600006398
Reset Tracking
Time taken:  1.9085898820003422
Time taken:  0.035501306000696786
Time taken:  0.03336049700010335
Time taken:  0.034317098000428814
Time taken:  0.03269106900006591
Time taken:  0.03869889499947021
Time taken:  0.037712807999923825
Time taken:  0.03655112999967969
Time taken:  0.03684646099918609
Time taken:  0.03441782499976398
Time taken:  0.03691531100048451
Time taken:  0.03464748600072198
Time taken:  0.036094492000302125
Time taken:  0.03427160499995807
Time taken:  0.042496969000239915
Time taken:  0.034405880000122124
Time taken:  0.03447987500021554
Time taken:  0.03261354799997207
Reset Tracking
Time taken:  1.878847050999866
Time taken:  0.03210463899995375
Time taken:  0.03185085800032539
Time taken:  0.03142076299991459
Time taken:  0.030027507000340847
Time taken:  0.036428884999622824
Time taken:  0.03404420500010019
Time taken:  0.03545370800020464
Time taken:  0.0345497919997797
Time taken:  0.036153321000711
Time taken:  0.03607794399977138
Time taken:  0.03638150000006135
Time taken:  0.03637884399995528
Time taken:  0.03433582199977536
Time taken:  0.03796591099944635
Time taken:  0.03423601600024995
Time taken:  0.03794677400037472
Time taken:  0.03066446599950723
Reset Tracking
Time taken:  1.8075826820004295
Time taken:  0.030949895000048855
Time taken:  0.034026792000076966
Time taken:  0.03333012599978247
Time taken:  0.034163958999670285
Time taken:  0.04163252000034845
Time taken:  0.03444970300006389
Time taken:  0.03128659300000436
Time taken:  0.033461001999967266
Time taken:  0.032902726999964216
Time taken:  0.03488855500017962
Time taken:  0.03368637199946534
Time taken:  0.0371930989995235
Time taken:  0.03220426600000792
Time taken:  0.03986640500079375
Time taken:  0.034280011000191735
Time taken:  0.03306511800019507
Time taken:  0.03550495899980888
Reset Tracking
Time taken:  1.827272860999983
Time taken:  0.03411875600068015
Time taken:  0.03259609099950467
Time taken:  0.03295551900009741
Time taken:  0.03597705100037274
Time taken:  0.040233542999885685
Time taken:  0.035967038000308094
Time taken:  0.03466731400021672
Time taken:  0.03459433700027148
Time taken:  0.03490315599992755
Time taken:  0.03153283099982218
Time taken:  0.033517073999973945
Time taken:  0.03335312899980636
Time taken:  0.03422474899980443
Time taken:  0.03919376599969837
Time taken:  0.03478707199974451
Time taken:  0.03399742999954469
Time taken:  0.03885525400073675
Reset Tracking
Time taken:  1.8818639640003312
Time taken:  0.033578579999812064
Time taken:  0.032903366000027745
Time taken:  0.03557275399998616
Time taken:  0.03171487400049955
Time taken:  0.035630583000056504
Time taken:  0.03397187699920323
Time taken:  0.03726785199978622
Time taken:  0.03531485399980738
Time taken:  0.036036879999301163
Time taken:  0.03235719699932815
Time taken:  0.034270883000317554
Time taken:  0.036809131000154593
Time taken:  0.030277302000286
Time taken:  0.038426529000389564
Time taken:  0.03639428099995712
Time taken:  0.03308867699979601
Time taken:  0.030651125000076718
Reset Tracking
Time taken:  1.8520838009999352
Time taken:  0.03517894600008731
Time taken:  0.035607163999884506
Time taken:  0.03365472900077293
Time taken:  0.03239916100028495
Time taken:  0.03591063200019562
Time taken:  0.031613486999958695
Time taken:  0.03494806900016556
Time taken:  0.035335571999894455
Time taken:  0.03573013000004721
Time taken:  0.032573968000178866
Time taken:  0.03287874899979215
Time taken:  0.0354019979995428
Time taken:  0.03527206200033106
Time taken:  0.03674676299942803
Time taken:  0.039591400000063004
Time taken:  0.033034963000318385
Time taken:  0.03625184700013051
Reset Tracking
Time taken:  1.891164869000022
Time taken:  0.0306851210007153
Time taken:  0.034815652999895974
Time taken:  0.03315064600064943
Time taken:  0.03529642499961483
Time taken:  0.04328964500018628
Time taken:  0.03285385200069868
Time taken:  0.033699933999741916
Time taken:  0.032493536000401946
Time taken:  0.03282764199957455
Time taken:  0.031540242999653856
Time taken:  0.035913128000174765
Time taken:  0.032052743999884115
Time taken:  0.03282777099957457
Time taken:  0.04123970999989979
Time taken:  0.03480245099945023
Time taken:  0.0354039459998603
Time taken:  0.030176978999406856
Reset Tracking
Time taken:  1.8744379569998273
Time taken:  0.03058729599979415
Time taken:  0.032837290999850666
Time taken:  0.03449469699990004
Time taken:  0.03643220499998279
Time taken:  0.04401881800004048
Time taken:  0.03665230599926872
Time taken:  0.03333557499991002
Time taken:  0.03603141700023116
Time taken:  0.03528018399993016
Time taken:  0.03374128500036022
Time taken:  0.032748098999945796
Time taken:  0.03553800500048965
Time taken:  0.03207815499990829
Time taken:  0.03761045900046156
Time taken:  0.03471465300026466
Time taken:  0.03424410500065278
Time taken:  0.03952948300047865
Reset Tracking
Time taken:  1.8385249979992295
Time taken:  0.030947389000175463
Time taken:  0.0307342800006154
Time taken:  0.033114258999376034
Time taken:  0.034769261999826995
Time taken:  0.03817305999928067
Time taken:  0.035043718999986595
Time taken:  0.032278616999974474
Time taken:  0.03382520800005295
Time taken:  0.03551327300010598
Time taken:  0.034775770000123885
Time taken:  0.034546189999673516
Time taken:  0.0347644230005244
Time taken:  0.03408790699995734
Time taken:  0.04033269899991865
Time taken:  0.03252819800036377
Time taken:  0.03623743200023455
Time taken:  0.032025927000177035
Reset Tracking
Time taken:  1.9197145369998907
Time taken:  0.03237172599983751
Time taken:  0.03181425799994031
Time taken:  0.03088067999942723
Time taken:  0.034091886000169325
Time taken:  0.038307239999994636
Time taken:  0.03513741400001891
Time taken:  0.03292561800026306
Time taken:  0.0339735589996053
Time taken:  0.030018218999430246
Time taken:  0.03306960900044942
Time taken:  0.03107499399993685
Time taken:  0.03397871000015584
Time taken:  0.03313099400020292
Time taken:  0.03831476499999553
Time taken:  0.0361643060005008
Time taken:  0.036749379999491794
Time taken:  0.03465432800021517
Time taken:  0.03767505700034235
Time taken:  0.03517175799970573
Time taken:  0.03808017800020025
Time taken:  0.03124858499995753
Time taken:  0.035049146999881486
Time taken:  0.03813594199982617
Time taken:  0.03322664499955863
Time taken:  0.03591759700066177
Time taken:  0.03150686399931146
Time taken:  0.034060968000630965
Time taken:  0.0360362930005067
Time taken:  0.030937988000005134
Time taken:  0.03153004699925077
Time taken:  0.036345127999993565
Time taken:  0.03940520899959665
Time taken:  0.03615911100041558
Time taken:  0.035603017999164877
Time taken:  0.03405558899976313
Reset Tracking
Time taken:  1.89515499800018
Time taken:  0.030301065999992716
Time taken:  0.030935583999962546
Time taken:  0.037757981999675394
Time taken:  0.03792511800020293
Time taken:  0.03973508600029163
Time taken:  0.036660495000433
Time taken:  0.03569865899953584
Time taken:  0.031013011999675655
Time taken:  0.033393171000170696
Time taken:  0.035697325000001
Time taken:  0.034089215999301814
Time taken:  0.03346304200022132
Time taken:  0.03551170300033846
Time taken:  0.041390477000277315
Time taken:  0.03325205300006928
Time taken:  0.03588728000067931
Time taken:  0.031099795999580238
Time taken:  0.033514820000164036
Time taken:  0.03933483999935561
Time taken:  0.03389599000001908
Time taken:  0.03666751499986276
Time taken:  0.03049452199957159
Time taken:  0.03989899700081878
Time taken:  0.03459540399944672
Time taken:  0.03528553500018461
Time taken:  0.03612186999998812
Time taken:  0.03894520799985912
Time taken:  0.03305551900029968
Time taken:  0.033675726000183204
Time taken:  0.0369520519998332
Time taken:  0.0335423759997866
Time taken:  0.042049528999996255
Time taken:  0.035171585000171035
Time taken:  0.037007350999374466
Time taken:  0.036318058000688325
Reset Tracking
Time taken:  1.8371402220000164
Time taken:  0.03452374999960739
Time taken:  0.03473068000039348
Time taken:  0.03308176600057777
Time taken:  0.036091372000555566
Time taken:  0.0409675460005019
Time taken:  0.03349327400064794
Time taken:  0.033016809000400826
Time taken:  0.03446371799964254
Time taken:  0.03387160100010078
Time taken:  0.036474588000601216
Time taken:  0.03366446900054143
Time taken:  0.03777742700003728
Time taken:  0.031346629999461584
Time taken:  0.03616306599997188
Time taken:  0.03455040599965287
Time taken:  0.03391199899942876
Time taken:  0.034688710999944306
Time taken:  0.033806641999944986
Time taken:  0.034155350999753864
Time taken:  0.036542726999869046
Time taken:  0.03437043600024481
Time taken:  0.032747559000199544
Time taken:  0.039620217000447155
Time taken:  0.03467159999945579
Time taken:  0.040548750999732874
Time taken:  0.031107139000596362
Time taken:  0.03232048800055054
Time taken:  0.03417195800011541
Time taken:  0.03671833800035529
Time taken:  0.03174558599948796
Time taken:  0.03328210499967099
Time taken:  0.04327687399927527
Time taken:  0.03555154100013169
Time taken:  0.03945543200006796
Time taken:  0.03575579500011372
Reset Tracking
Time taken:  1.8634055840002475
Time taken:  0.03473087400016084
Time taken:  0.03658453799926065
Time taken:  0.03236784899945633
Time taken:  0.03387316099997406
Time taken:  0.03609357599998475
Time taken:  0.034481549000702216
Time taken:  0.03299384599995392
Time taken:  0.033642487000179244
Time taken:  0.03394565600046917
Time taken:  0.03510655899935955
Time taken:  0.03483678799966583
Time taken:  0.03544018100001267
Time taken:  0.0345133969995004
Time taken:  0.043596577000244
Time taken:  0.034953106999637384
Time taken:  0.034815224000340095
Time taken:  0.03530285000033473
Reset Tracking
Time taken:  1.8279588619998322
Time taken:  0.033507473999634385
Time taken:  0.033150444999591855
Time taken:  0.03461218599932181
Time taken:  0.03252831600002537
Time taken:  0.04057073500007391
Time taken:  0.03582134199950815
Time taken:  0.03643811399979313
Time taken:  0.03361404199949902
Time taken:  0.03551095199964038
Time taken:  0.03704061600001296
Time taken:  0.0352150389999224
Time taken:  0.033350456000334816
Time taken:  0.03550223499951244
Time taken:  0.035504818999470444
Time taken:  0.035133613000652986
Time taken:  0.036239490999832924
Time taken:  0.03418883199992706
Reset Tracking
Time taken:  1.8544271519995164
Time taken:  0.032454913999572454
Time taken:  0.037050830999760365
Time taken:  0.03253108999979304
Time taken:  0.03243632400062779
Time taken:  0.04112559499935742
Time taken:  0.03671493799993186
Time taken:  0.03290208300040831
Time taken:  0.03113271500023984
Time taken:  0.03851523699995596
Time taken:  0.03220205599973269
Time taken:  0.035931913999775134
Time taken:  0.03352736699980596
Time taken:  0.034187459999884595
Time taken:  0.03957505000016681
Time taken:  0.03361937899990153
Time taken:  0.03406872100003966
Time taken:  0.03435013600028469
Reset Tracking
Time taken:  1.8684642680000252
Time taken:  0.032956640000520565
Time taken:  0.03225925700007792
Time taken:  0.03412004300025728
Time taken:  0.034038812999824586
Time taken:  0.03471826399982092
Time taken:  0.03439681300005759
Time taken:  0.03667972299990652
Time taken:  0.03809057200032839
Time taken:  0.03667656000015995
Time taken:  0.03446760600036214
Time taken:  0.032817754999996396
Time taken:  0.03439710899965576
Time taken:  0.03375329300070007
Time taken:  0.038547881999875244
Time taken:  0.0342375849995733
Time taken:  0.0352894900006504
Time taken:  0.03420004100007645
Reset Tracking
Time taken:  1.896677479000573
Time taken:  0.03117847600060486
Time taken:  0.03050474099927669
Time taken:  0.02863100300055521
Time taken:  0.031310691000726365
Time taken:  0.03619456500018714
Time taken:  0.03222139200079255
Time taken:  0.03572520599936979
Time taken:  0.033351519999996526
Time taken:  0.03393461399991793
Time taken:  0.0355627730004926
Time taken:  0.030449374000454554
Time taken:  0.0318173570003637
Time taken:  0.029686262000723218
Time taken:  0.0363419730001624
Time taken:  0.035641265999402094
Time taken:  0.03325417199994263
Time taken:  0.0335231279996151
Reset Tracking
Time taken:  1.8739859860006618
Time taken:  0.03178604999993695
Time taken:  0.03066056599982403
Time taken:  0.03261250099967583
Time taken:  0.03271761100040749
Time taken:  0.03434143699996639
Time taken:  0.03542876899973635
Time taken:  0.030925560000468977
Time taken:  0.03278065399990737
Time taken:  0.03547317500033387
Time taken:  0.03408703999957652
Time taken:  0.03494099500039738
Time taken:  0.03254124700015382
Time taken:  0.034749103999274666
Time taken:  0.04076590099975874
Time taken:  0.03543397400062531
Time taken:  0.03339402900019195
Time taken:  0.031081532999451156
Reset Tracking
Time taken:  1.8580991910002922
Time taken:  0.03462513900012709
Time taken:  0.031005965000076685
Time taken:  0.03459849600039888
Time taken:  0.03054077100023278
Time taken:  0.0407906489999732
Time taken:  0.0358829329998116
Time taken:  0.031023007999465335
Time taken:  0.034069160999933956
Time taken:  0.03678315599972848
Time taken:  0.03137182499995106
Time taken:  0.031201149000480655
Time taken:  0.033324855000500975
Time taken:  0.034959300000082294
Time taken:  0.03864396500011935
Time taken:  0.03528505000031146
Time taken:  0.03344717700019828
Time taken:  0.033013494000442734
Time taken:  0.03853329300000041
Time taken:  0.03403898800024763
Time taken:  0.031258242999683716
Time taken:  0.037272505999681016
Time taken:  0.03609929399954126
Time taken:  0.04039856500003225
Time taken:  0.034006537000095705
Time taken:  0.03387311000005866
Time taken:  0.03669706199980283
Time taken:  0.03439076999984536
Time taken:  0.030701274000421108
Time taken:  0.03516711100019165
Time taken:  0.03438803600056417
Time taken:  0.03569334700023319
Time taken:  0.04179523400034668
Time taken:  0.03165195700057666
Time taken:  0.03668693500003428
Time taken:  0.03476550400046108
Reset Tracking
Time taken:  1.8556599000003189
Time taken:  0.03461173400046391
Time taken:  0.03189901400037343
Time taken:  0.03380180099975405
Time taken:  0.031080759999895236
Time taken:  0.04263465999974869
Time taken:  0.032131705000210786
Time taken:  0.03634265500022593
Time taken:  0.033554104000359075
Time taken:  0.03672326800005976
Time taken:  0.03269800199996098
Time taken:  0.03450459600026079
Time taken:  0.035726334000173665
Time taken:  0.03334750799967878
Time taken:  0.040192333000049985
Time taken:  0.031276541999432084
Time taken:  0.035719212999538286
Time taken:  0.03513623300023028
Reset Tracking
Time taken:  1.937541312000576
Time taken:  0.03277867800079548
Time taken:  0.03248474600059126
Time taken:  0.03789488199981861
Time taken:  0.036890386999402835
Time taken:  0.03982053299932886
Time taken:  0.03344133500013413
Time taken:  0.03380555900002946
Time taken:  0.03255067999998573
Time taken:  0.03507844700015994
Time taken:  0.03369022500010033
Time taken:  0.030992406999757804
Time taken:  0.032202780000261555
Time taken:  0.03273873000034655
Time taken:  0.04041042300013942
Time taken:  0.03610863799985964
Time taken:  0.03447466300076485
Time taken:  0.0300027860002956
Reset Tracking
Time taken:  1.8826573480000661
Time taken:  0.031947952000336954
Time taken:  0.03331621899997117
Time taken:  0.035923308000747056
Time taken:  0.0330010730003778
Time taken:  0.0377519650000977
Time taken:  0.03300700900035736
Time taken:  0.03522649399928923
Time taken:  0.035555403999751434
Time taken:  0.039318013000411156
Time taken:  0.032041958999798226
Time taken:  0.033235028000490274
Time taken:  0.03263170199988963
Time taken:  0.032034793999628164
Time taken:  0.04119789899959869
Time taken:  0.03231754300031753
Time taken:  0.03218328900038614
Time taken:  0.03418160299952433
Reset Tracking
Time taken:  1.8777356130003682
Time taken:  0.03320582400010608
Time taken:  0.03338055800031725
Time taken:  0.035023493000153394
Time taken:  0.03577352200045425
Time taken:  0.041567676000340725
Time taken:  0.03703226900051959
Time taken:  0.03263346899984754
Time taken:  0.03265005899993412
Time taken:  0.034263366000232054
Time taken:  0.035891595000066445
Time taken:  0.03496928999993543
Time taken:  0.03113453700007085
Time taken:  0.03250376899995899
Time taken:  0.04058889799944154
Time taken:  0.030802479999692878
Time taken:  0.032296858000336215
Time taken:  0.034464436000234855
Reset Tracking
Time taken:  1.9259912420002365
Time taken:  0.03621420699982991
Time taken:  0.033169449000524764
Time taken:  0.03460273499968025
Time taken:  0.03233522499976971
Time taken:  0.03599490899978264
Time taken:  0.036228169000423804
Time taken:  0.03626882999924419
Time taken:  0.03336001300067437
Time taken:  0.028909188999932667
Time taken:  0.03151138099929085
Time taken:  0.03337592899970332
Time taken:  0.03599646600014239
Time taken:  0.034012569999504194
Time taken:  0.036992655000176455
Time taken:  0.039116093999837176
Time taken:  0.034190673000011884
Time taken:  0.039909631999762496
Reset Tracking
Time taken:  1.8373845470005108
Time taken:  0.030433435999839276
Time taken:  0.03391709599964088
Time taken:  0.03357505100029812
Time taken:  0.030945972000154143
Time taken:  0.04047030099991389
Time taken:  0.035672781000357645
Time taken:  0.035211123999943084
Time taken:  0.03239317900079186
Time taken:  0.034228964999783784
Time taken:  0.033871849999741244
Time taken:  0.03598436199990829
Time taken:  0.03305161799926282
Time taken:  0.03551460699964082
Time taken:  0.04018266999992193
Time taken:  0.032557239000198024
Time taken:  0.033653522999884444
Time taken:  0.03419266400032939
Reset Tracking
Time taken:  1.8556778189995384
Time taken:  0.03501968199998373
Time taken:  0.03637899200020911
Time taken:  0.035337873999196745
Time taken:  0.034680166000725876
Time taken:  0.04108087399981741
Time taken:  0.032517083999664464
Time taken:  0.0347612499999741
Time taken:  0.036200264999934006
Time taken:  0.032211249000283715
Time taken:  0.03408460299942817
Time taken:  0.03175607599951036
Time taken:  0.02960903999974107
Time taken:  0.033869564999804425
Time taken:  0.03993614199953299
Time taken:  0.03078222000021924
Time taken:  0.03493458899993129
Time taken:  0.037627583000357845
Time taken:  0.03933293599948229
Time taken:  0.03623939699991752
Reset Tracking
Time taken:  1.8341144779997194
Time taken:  0.033386551999683434
Time taken:  0.033312681000097655
Time taken:  0.04029339099997742
Time taken:  0.034139461000449955
Time taken:  0.03682471699994494
Time taken:  0.034373285000583564
Time taken:  0.035084377999737626
Time taken:  0.03498116500031756
Time taken:  0.03633468800035189
Time taken:  0.03518476200042642
Time taken:  0.03420352600005572
Time taken:  0.03811690299971815
Time taken:  0.038985899000181234
Time taken:  0.03480144599961932
Time taken:  0.03109450099964306
Time taken:  0.03570405600021331
Time taken:  0.03567903800012573
Time taken:  0.039558677000059106
Time taken:  0.03403095699923142
Time taken:  0.03546662200005812
Time taken:  0.03880127799948241
Time taken:  0.036100028999499045
Time taken:  0.029894874999627064
Time taken:  0.03399188299954403
Time taken:  0.03322295199996006
Time taken:  0.035099666999485635
Time taken:  0.03000124899972434
Time taken:  0.031336547000137216
Time taken:  0.03376971800025785
Time taken:  0.039317308999670786
Time taken:  0.036148963999949046
Time taken:  0.036967050000384916
Time taken:  0.030903658000170253
Reset Tracking
Time taken:  1.8272005489998264
Time taken:  0.0318598120002207
Time taken:  0.03331066800001281
Time taken:  0.030839413000649074
Time taken:  0.0372280250003314
Time taken:  0.04162718999941717
Time taken:  0.03860905500005174
Time taken:  0.03516384900012781
Time taken:  0.03577167399998871
Time taken:  0.033443121000345855
Time taken:  0.033602278999751434
Time taken:  0.03392446399993787
Time taken:  0.03403711299961287
Time taken:  0.033754134000446356
Time taken:  0.039123208000091836
Time taken:  0.03212028999951144
Time taken:  0.03326760999971157
Time taken:  0.0358264730002702
Reset Tracking
Time taken:  1.8682441549999567
Time taken:  0.030685660999552056
Time taken:  0.03208023999923171
Time taken:  0.03280175700001564
Time taken:  0.032657179000125325
Time taken:  0.04192082400004438
Time taken:  0.03220509499988111
Time taken:  0.035656317000757554
Time taken:  0.035006836999855295
Time taken:  0.03921878800065315
Time taken:  0.03648975599935511
Time taken:  0.03687819400056469
Time taken:  0.029343494000386272
Time taken:  0.03460488400014583
Time taken:  0.0380396259997724
Time taken:  0.031591975999617716
Time taken:  0.03638034699997661
Time taken:  0.03524854700026481
Reset Tracking
Time taken:  1.8680799880003178
Time taken:  0.03375087599943072
Time taken:  0.033200189000126556
Time taken:  0.030662965000374243
Time taken:  0.0306401369998639
Time taken:  0.04066337999938696
Time taken:  0.03169489599986264
Time taken:  0.033452236999437446
Time taken:  0.03222444299990457
Time taken:  0.03503543699935108
Time taken:  0.0355158880001909
Time taken:  0.03585472099985054
Time taken:  0.03402886599997146
Time taken:  0.03091651799968531
Time taken:  0.039460379000047396
Time taken:  0.03538734599987947
Time taken:  0.033700761000545754
Time taken:  0.03482083299968508
Time taken:  0.03570839599979081
Time taken:  0.036882448000142176
Time taken:  0.035069805999228265
Time taken:  0.0341473889993722
Time taken:  0.036487835999651
Time taken:  0.040911787999903027
Time taken:  0.03592690200002835
Time taken:  0.034672217000661476
Time taken:  0.03540799600068567
Time taken:  0.035638599000776594
Time taken:  0.03678978800053301
Time taken:  0.03588542399938888
Time taken:  0.030307034000543354
Time taken:  0.03257707500051765
Time taken:  0.040681178999875556
Time taken:  0.02874490800058993
Time taken:  0.038048697999329306
Time taken:  0.03451597299954301
Time taken:  0.03499344600004406
Time taken:  0.0357854829999269
Time taken:  0.0340917849998732
Time taken:  0.03624560600019322
Time taken:  0.03422415699969861
Time taken:  0.04114431800007878
Time taken:  0.03370717100006004
Time taken:  0.03408684399983031
Time taken:  0.03614590799952566
Time taken:  0.03510787699997309
Time taken:  0.0371213220005302
Time taken:  0.03273594500024046
Time taken:  0.0350716659995669
Reset Tracking
Time taken:  1.8551139729997885
Time taken:  0.04024718500022573
Time taken:  0.031812051000088104
Time taken:  0.030237869000302453
Time taken:  0.032486275999872305
Time taken:  0.03525361199990584
Time taken:  0.0337518819997058
Time taken:  0.035756834000494564
Time taken:  0.03334930700020777
Time taken:  0.03593143400030385
Time taken:  0.03792702600003395
Time taken:  0.036152114999822516
Time taken:  0.03164520900008938
Time taken:  0.03428453900050954
Time taken:  0.033530282999890915
Time taken:  0.03427966199978982
Time taken:  0.035172216999853845
Time taken:  0.037585256999591365
Time taken:  0.03880850899986399
Time taken:  0.038956250000410364
Time taken:  0.0316670170004727
Time taken:  0.03653820099953009
Time taken:  0.03615904100024636
Reset Tracking
Time taken:  1.8450403810002172
Time taken:  0.032075350000013714
Time taken:  0.03619109699957335
Time taken:  0.03394593600023654
Time taken:  0.03279586400003609
Time taken:  0.03996830600044632
Time taken:  0.03466717399987829
Time taken:  0.03296373300054256
Time taken:  0.03331911100030993
Time taken:  0.03363658000034775
Time taken:  0.03552302499974758
Time taken:  0.03338685200014879
Time taken:  0.035083702000520134
Time taken:  0.03247171699968021
Time taken:  0.0385783680003442
Time taken:  0.033267150999563455
Time taken:  0.03236190600000555
Time taken:  0.035334795999915514
Reset Tracking
Time taken:  1.8703278680004587
Time taken:  0.030726390999916475
Time taken:  0.03500295899993944
Time taken:  0.032911203000367095
Time taken:  0.03392813599930378
Time taken:  0.040989025000271795
Time taken:  0.03329492800003209
Time taken:  0.03324177099966619
Time taken:  0.03163561500059586
Time taken:  0.033802738999838766
Time taken:  0.03934761900018202
Time taken:  0.03560902600020199
Time taken:  0.034447534000719315
Time taken:  0.03310397600034776
Time taken:  0.04142322499956208
Time taken:  0.033006368999849656
Time taken:  0.030664406000141753
Time taken:  0.03672703200027172
Reset Tracking
Time taken:  1.844107795999662
Time taken:  0.03451633700024104
Time taken:  0.033722012999533035
Time taken:  0.03307983200011222
Time taken:  0.03211237699997582
Time taken:  0.04135362200031523
Time taken:  0.03451433400005044
Time taken:  0.03426033899995673
Time taken:  0.03280040600020584
Time taken:  0.03512524500001746
Time taken:  0.034134137999899394
Time taken:  0.03636711499984813
Time taken:  0.03437037399999099
Time taken:  0.03396622099990054
Time taken:  0.03552125199985312
Time taken:  0.032491595999999845
Time taken:  0.030724488000487327
Time taken:  0.033352144999298616
Reset Tracking
Time taken:  1.9695512549997147
Time taken:  0.033792997999626095
Time taken:  0.03057354500015208
Time taken:  0.03431768700011162
Time taken:  0.03455101200052013
Time taken:  0.040609412999401684
Time taken:  0.0389033390001714
Time taken:  0.03321824599970569
Time taken:  0.03432320600040839
Time taken:  0.0373089409995373
Time taken:  0.03261179200035258
Time taken:  0.02995322400056466
Time taken:  0.03606631599996035
Time taken:  0.036098243999731494
Time taken:  0.04064106799978617
Time taken:  0.035595652999290905
Time taken:  0.033096608000050765
Time taken:  0.03616466699986631
Reset Tracking
Time taken:  1.8362959830001273
Time taken:  0.03337751900016883
Time taken:  0.033755998999367876
Time taken:  0.03509856399978162
Time taken:  0.033916697999302414
Time taken:  0.04161000600015541
Time taken:  0.036919409999427444
Time taken:  0.03509003199997096
Time taken:  0.03485206700042909
Time taken:  0.034790124999744876
Time taken:  0.033314279000478564
Time taken:  0.03728419900016888
Time taken:  0.033261096000387624
Time taken:  0.03266361399982998
Time taken:  0.039784196999789856
Time taken:  0.035498367999935
Time taken:  0.033306599999377795
Time taken:  0.03463777900014975
Reset Tracking
Time taken:  1.8731446490000963
Time taken:  0.03567872700023145
Time taken:  0.03301564700086601
Time taken:  0.036955418999241374
Time taken:  0.035756978000790696
Time taken:  0.03825034300007246
Time taken:  0.032958107000013115
Time taken:  0.03556693899918173
Time taken:  0.03446955199979129
Time taken:  0.033415248999517644
Time taken:  0.035010833000342245
Time taken:  0.033251756000026944
Time taken:  0.033128318000308354
Time taken:  0.031284122000215575
Time taken:  0.03522472900021967
Time taken:  0.03210498299995379
Time taken:  0.03696838799987745
Time taken:  0.029000288000133878
Reset Tracking
Time taken:  1.8130068549999123
Time taken:  0.03253395499996259
Time taken:  0.032734599999457714
Time taken:  0.03410224100025516
Time taken:  0.03150548599933245
Time taken:  0.04046721200029424
Time taken:  0.03848078699957114
Time taken:  0.03262627399999474
Time taken:  0.033194288999766286
Time taken:  0.03660822999972879
Time taken:  0.0327446270002838
Time taken:  0.03326771299998654
Time taken:  0.03281349300050351
Time taken:  0.03328053099994577
Time taken:  0.03911851800057775
Time taken:  0.035948536000432796
Time taken:  0.03295701699971687
Time taken:  0.037311041999601
Stats: 
Video name: outputs/pose_track_1789247973.mp4
Pose file: outputs/pose_track_1789247973.txt
FPS: 15
IOU: 0.5
No. of frames: 900
Total time: 171.95653658100036

